// Jest Snapshot v1, https://goo.gl/fbAQLP

exports[`renders homepage unchanged 1`] = `
<div
  className="font-extrabold text-3xl"
>
  Tailwind and DaisyUI enhanced starter kit!
</div>
`;
